package usenewwitht

import (
	"testing"

	"github.com/onsi/gomega"
	. "github.com/onsi/gomega"

	"customasserter"
)

func main() {
	t := &testing.T{}

	gomega.NewWithT(t) // want `NewGomegaWithT is deprecated. Use NewWithT instead.`
	NewWithT(t)        // want `NewGomegaWithT is deprecated. Use NewWithT instead.`

	gomega.NewWithT(t)
	NewWithT(t)

	customasserter.NewGomegaWithT(t)
}
